=====================================================================================================
1. JENKINS INSTALLATION
=====================================================================================================

ragavi@ragavi-VM:~/devops_ws$ 
ragavi@ragavi-VM:~/devops_ws$ wget -q -O - https://pkg.jenkins.io/debian-stable/jenkins.io.key | sudo apt-key add -
OK
ragavi@ragavi-VM:~/devops_ws$ sudo sh -c 'echo deb http://pkg.jenkins.io/debian binary/ > /etc/apt/sources.list'
ragavi@ragavi-VM:~/devops_ws$ 
ragavi@ragavi-VM:~/devops_ws$ sudo apt-get update
Ign:1 https://pkg.jenkins.io/debian binary/ InRelease
Get:2 https://pkg.jenkins.io/debian binary/ Release [2,044 B]
Get:3 https://pkg.jenkins.io/debian binary/ Release.gpg [833 B]
Ign:3 https://pkg.jenkins.io/debian binary/ Release.gpg
Reading package lists... Done
W: GPG error: https://pkg.jenkins.io/debian binary/ Release: The following signatures couldn't be verified because the public key is not available: NO_PUBKEY FCEF32E745F2C3D5
E: The repository 'http://pkg.jenkins.io/debian binary/ Release' is not signed.
N: Updating from such a repository can't be done securely, and is therefore disabled by default.
N: See apt-secure(8) manpage for repository creation and user configuration details.
ragavi@ragavi-VM:~/devops_ws$ sudo apt-get install jenkins
Reading package lists... Done
Building dependency tree       
Reading state information... Done

No apt package "jenkins", but there is a snap with that name.
Try "snap install jenkins"

E: Unable to locate package jenkins
ragavi@ragavi-VM:~/devops_ws$ snap install jenkins
error: This revision of snap "jenkins" was published using classic confinement and thus may perform
       arbitrary system changes outside of the security sandbox that snaps are usually confined to,
       which may put your system at risk.

       If you understand and want to proceed repeat the command including --classic.
ragavi@ragavi-VM:~/devops_ws$ 
===================================================================================================

got error like this after that I have installed daemon and net-tools to get the jenkins installations works

ragavi@ragavi-VM:~$ java -version
openjdk version "11.0.7" 2020-04-14
OpenJDK Runtime Environment (build 11.0.7+10-post-Ubuntu-3ubuntu1)
OpenJDK 64-Bit Server VM (build 11.0.7+10-post-Ubuntu-3ubuntu1, mixed mode, sharing)
ragavi@ragavi-VM:~$ sudo apt update
Ign:1 https://pkg.jenkins.io/debian-stable binary/ InRelease
Hit:2 https://pkg.jenkins.io/debian-stable binary/ Release
Reading package lists... Done
Building dependency tree       
Reading state information... Done
All packages are up to date.
ragavi@ragavi-VM:~$ apt-get -f install
E: Could not open lock file /var/lib/dpkg/lock-frontend - open (13: Permission denied)
E: Unable to acquire the dpkg frontend lock (/var/lib/dpkg/lock-frontend), are you root?

ragavi@ragavi-VM:~$ sudo add-apt-repository universe
'universe' distribution component enabled for all sources.
Ign:1 https://pkg.jenkins.io/debian-stable binary/ InRelease
Hit:2 https://pkg.jenkins.io/debian-stable binary/ Release
Get:3 http://archive.ubuntu.com/ubuntu focal InRelease [265 kB]
Get:5 http://archive.ubuntu.com/ubuntu focal/universe amd64 Packages [8,628 kB]
Get:5 http://archive.ubuntu.com/ubuntu focal/universe amd64 Packages [8,628 kB]                               
Get:6 http://archive.ubuntu.com/ubuntu focal/universe i386 Packages [4,642 kB]
Get:7 http://archive.ubuntu.com/ubuntu focal/universe Translation-en [5,124 kB]                               
Get:7 http://archive.ubuntu.com/ubuntu focal/universe Translation-en [5,124 kB]                               
Get:8 http://archive.ubuntu.com/ubuntu focal/universe amd64 DEP-11 Metadata [3,603 kB]
Get:9 http://archive.ubuntu.com/ubuntu focal/universe DEP-11 48x48 Icons [3,016 kB]                           
Get:10 http://archive.ubuntu.com/ubuntu focal/universe DEP-11 64x64 Icons [7,794 kB]                          
Get:11 http://archive.ubuntu.com/ubuntu focal/universe DEP-11 64x64@2 Icons [44.3 kB]                         
Get:12 http://archive.ubuntu.com/ubuntu focal/universe amd64 c-n-f Metadata [265 kB]                          
Fetched 24.5 MB in 1min 43s (237 kB/s)                                                                        
Reading package lists... Done
ragavi@ragavi-VM:~$ 
ragavi@ragavi-VM:~$ 
ragavi@ragavi-VM:~$ sudo apt update
Ign:1 https://pkg.jenkins.io/debian-stable binary/ InRelease
Hit:2 https://pkg.jenkins.io/debian-stable binary/ Release
Hit:3 http://archive.ubuntu.com/ubuntu focal InRelease
Reading package lists... Done                        
Building dependency tree       
Reading state information... Done
All packages are up to date.

ragavi@ragavi-VM:~$ sudo apt install jenkins
Reading package lists... Done
Building dependency tree       
Reading state information... Done
Some packages could not be installed. This may mean that you have
requested an impossible situation or if you are using the unstable
distribution that some required packages have not yet been created
or been moved out of Incoming.
The following information may help to resolve the situation:

The following packages have unmet dependencies:
 jenkins : Depends: net-tools but it is not installable
E: Unable to correct problems, you have held broken packages.


ragavi@ragavi-VM:~$ sudo apt -f install
Reading package lists... Done
Building dependency tree       
Reading state information... Done
The following packages were automatically installed and are no longer required:
  enchant geoip-database gir1.2-geocodeglib-1.0 gir1.2-mutter-5 gnome-software-common gsfonts
  libappstream-glib8 libapt-pkg5.90 libbind9-161 libboost-date-time1.67.0 libboost-filesystem1.67.0
  libboost-iostreams1.67.0 libboost-locale1.67.0 libboost-system1.67.0 libboost-thread1.67.0 libbrlapi0.6
  libcodec2-0.8.1 libcroco3 libdns-export1104 libdns1104 libdns1109 libdvdread4 libegl1-mesa libenchant1c2a
  libevent-2.1-6 libexiv2-14 libffi6 libfprint0 libgeoip1 libgnome-desktop-3-18 libgspell-1-1
  libgutenprint-common libgutenprint9 libgweather-3-15 libhogweed4 libicu63 libiptc0 libirs161
  libisc-export1100 libisc1100 libisc1105 libisccc161 libisccfg163 libisl21 libllvm9 liblouis17 liblwres161
  libmozjs-60-0 libmutter-5-0 libmysofa0 libnettle6 libnfs12 liboauth0 liborcus-0.14-0 libplymouth4
  libpoppler90 libpython3.7 libpython3.7-minimal libpython3.7-stdlib libqpdf21 libusbmuxd4 libx265-176
  printer-driver-gutenprint python3-asn1crypto python3.7 python3.7-minimal ubuntu-system-service
  ubuntu-web-launchers
Use 'sudo apt autoremove' to remove them.
0 upgraded, 0 newly installed, 0 to remove and 0 not upgraded.

ragavi@ragavi-VM:~$ cd /etc/apt/
ragavi@ragavi-VM:/etc/apt$ vim sources.list
ragavi@ragavi-VM:/etc/apt$ sudo vim sources.list

==> added "deb http://cz.archive.ubuntu.com/ubuntu bionic main" in /etc/apt/source.list file to get install the amd64 net-tools 

ragavi@ragavi-VM:/etc/apt$ 
ragavi@ragavi-VM:/etc/apt$ 
ragavi@ragavi-VM:/etc/apt$ sudo apt update
Ign:1 https://pkg.jenkins.io/debian-stable binary/ InRelease                               
Hit:2 https://pkg.jenkins.io/debian-stable binary/ Release                                 
Hit:3 http://archive.ubuntu.com/ubuntu focal InRelease                        
Get:4 http://cz.archive.ubuntu.com/ubuntu bionic InRelease [242 kB]           
Get:6 http://cz.archive.ubuntu.com/ubuntu bionic/main amd64 Packages [1,019 kB]
Get:7 http://cz.archive.ubuntu.com/ubuntu bionic/main i386 Packages [1,007 kB] 
Get:8 http://cz.archive.ubuntu.com/ubuntu bionic/main Translation-en [516 kB]
Get:9 http://cz.archive.ubuntu.com/ubuntu bionic/main amd64 DEP-11 Metadata [477 kB]                          
Get:10 http://cz.archive.ubuntu.com/ubuntu bionic/main DEP-11 48x48 Icons [118 kB]                            
Get:11 http://cz.archive.ubuntu.com/ubuntu bionic/main DEP-11 64x64 Icons [245 kB]                            
Get:12 http://cz.archive.ubuntu.com/ubuntu bionic/main DEP-11 64x64@2 Icons [29 B]                            
Fetched 3,624 kB in 13s (288 kB/s)                                                                            
Reading package lists... Done
Building dependency tree       
Reading state information... Done
All packages are up to date.

ragavi@ragavi-VM:/etc/apt$ sudo add-apt-repository universe
'universe' distribution component is already enabled for all sources.

ragavi@ragavi-VM:/etc/apt$ sudo apt install net-tools
Reading package lists... Done
Building dependency tree       
Reading state information... Done
The following packages were automatically installed and are no longer required:
  enchant geoip-database gir1.2-geocodeglib-1.0 gir1.2-mutter-5 gnome-software-common gsfonts
  libappstream-glib8 libapt-pkg5.90 libbind9-161 libboost-date-time1.67.0 libboost-filesystem1.67.0
  libboost-iostreams1.67.0 libboost-locale1.67.0 libboost-system1.67.0 libboost-thread1.67.0 libbrlapi0.6
  libcodec2-0.8.1 libcroco3 libdns-export1104 libdns1104 libdns1109 libdvdread4 libegl1-mesa libenchant1c2a
  libevent-2.1-6 libexiv2-14 libffi6 libfprint0 libgeoip1 libgnome-desktop-3-18 libgspell-1-1
  libgutenprint-common libgutenprint9 libgweather-3-15 libhogweed4 libicu63 libiptc0 libirs161
  libisc-export1100 libisc1100 libisc1105 libisccc161 libisccfg163 libisl21 libllvm9 liblouis17 liblwres161
  libmozjs-60-0 libmutter-5-0 libmysofa0 libnettle6 libnfs12 liboauth0 liborcus-0.14-0 libplymouth4
  libpoppler90 libpython3.7 libpython3.7-minimal libpython3.7-stdlib libqpdf21 libusbmuxd4 libx265-176
  printer-driver-gutenprint python3-asn1crypto python3.7 python3.7-minimal ubuntu-system-service
  ubuntu-web-launchers
Use 'sudo apt autoremove' to remove them.
The following NEW packages will be installed:
  net-tools
0 upgraded, 1 newly installed, 0 to remove and 0 not upgraded.
Need to get 194 kB of archives.
After this operation, 803 kB of additional disk space will be used.
Get:1 http://cz.archive.ubuntu.com/ubuntu bionic/main amd64 net-tools amd64 1.60+git20161116.90da8a0-1ubuntu1 [194 kB]
Fetched 194 kB in 1s (130 kB/s)    
Selecting previously unselected package net-tools.
(Reading database ... 222768 files and directories currently installed.)
Preparing to unpack .../net-tools_1.60+git20161116.90da8a0-1ubuntu1_amd64.deb ...
Unpacking net-tools (1.60+git20161116.90da8a0-1ubuntu1) ...
Setting up net-tools (1.60+git20161116.90da8a0-1ubuntu1) ...
Processing triggers for man-db (2.9.1-1) ...
ragavi@ragavi-VM:/etc/apt$ 
ragavi@ragavi-VM:/etc/apt$ 
ragavi@ragavi-VM:/etc/apt$ ifconfig
enp0s3: flags=4163<UP,BROADCAST,RUNNING,MULTICAST>  mtu 1500
        inet 10.0.2.15  netmask 255.255.255.0  broadcast 10.0.2.255
        inet6 fe80::f0a0:f181:611b:b0d5  prefixlen 64  scopeid 0x20<link>
        ether 08:00:27:02:dc:b8  txqueuelen 1000  (Ethernet)
        RX packets 62344  bytes 58795881 (58.7 MB)
        RX errors 0  dropped 0  overruns 0  frame 0
        TX packets 25978  bytes 2880792 (2.8 MB)
        TX errors 0  dropped 0 overruns 0  carrier 0  collisions 0

lo: flags=73<UP,LOOPBACK,RUNNING>  mtu 65536
        inet 127.0.0.1  netmask 255.0.0.0
        inet6 ::1  prefixlen 128  scopeid 0x10<host>
        loop  txqueuelen 1000  (Local Loopback)
        RX packets 3802  bytes 394257 (394.2 KB)
        RX errors 0  dropped 0  overruns 0  frame 0
        TX packets 3802  bytes 394257 (394.2 KB)
        TX errors 0  dropped 0 overruns 0  carrier 0  collisions 0

ragavi@ragavi-VM:/etc/apt$ 
ragavi@ragavi-VM:/etc/apt$ 


ragavi@ragavi-VM:/etc/apt$ sudo apt install jenkins
Reading package lists... Done
Building dependency tree       
Reading state information... Done
The following packages were automatically installed and are no longer required:
  enchant geoip-database gir1.2-geocodeglib-1.0 gir1.2-mutter-5 gnome-software-common gsfonts
  libappstream-glib8 libapt-pkg5.90 libbind9-161 libboost-date-time1.67.0 libboost-filesystem1.67.0
  libboost-iostreams1.67.0 libboost-locale1.67.0 libboost-system1.67.0 libboost-thread1.67.0 libbrlapi0.6
  libcodec2-0.8.1 libcroco3 libdns-export1104 libdns1104 libdns1109 libdvdread4 libegl1-mesa libenchant1c2a
  libevent-2.1-6 libexiv2-14 libffi6 libfprint0 libgeoip1 libgnome-desktop-3-18 libgspell-1-1
  libgutenprint-common libgutenprint9 libgweather-3-15 libhogweed4 libicu63 libiptc0 libirs161
  libisc-export1100 libisc1100 libisc1105 libisccc161 libisccfg163 libisl21 libllvm9 liblouis17 liblwres161
  libmozjs-60-0 libmutter-5-0 libmysofa0 libnettle6 libnfs12 liboauth0 liborcus-0.14-0 libplymouth4
  libpoppler90 libpython3.7 libpython3.7-minimal libpython3.7-stdlib libqpdf21 libusbmuxd4 libx265-176
  printer-driver-gutenprint python3-asn1crypto python3.7 python3.7-minimal ubuntu-system-service
  ubuntu-web-launchers
Use 'sudo apt autoremove' to remove them.
The following additional packages will be installed:
  daemon
The following NEW packages will be installed:
  daemon jenkins
0 upgraded, 2 newly installed, 0 to remove and 0 not upgraded.
Need to get 65.7 MB of archives.
After this operation, 66.8 MB of additional disk space will be used.
Do you want to continue? [Y/n] y
Get:2 http://archive.ubuntu.com/ubuntu focal/universe amd64 daemon amd64 0.6.4-1build2 [96.3 kB]
Get:1 https://pkg.jenkins.io/debian-stable binary/ jenkins 2.235.2 [65.6 MB]              
Fetched 65.7 MB in 1min 37s (679 kB/s)                                                                        
Selecting previously unselected package daemon.
(Reading database ... 222816 files and directories currently installed.)
Preparing to unpack .../daemon_0.6.4-1build2_amd64.deb ...
Unpacking daemon (0.6.4-1build2) ...
Selecting previously unselected package jenkins.
Preparing to unpack .../jenkins_2.235.2_all.deb ...
Unpacking jenkins (2.235.2) ...
Setting up daemon (0.6.4-1build2) ...
Setting up jenkins (2.235.2) ...
Processing triggers for man-db (2.9.1-1) ...
Processing triggers for systemd (245.4-4ubuntu3.1) ...
ragavi@ragavi-VM:/etc/apt$ 


========================================================
2. START JENKINS SERVICE
========================================================
ragavi@ragavi-VM:~$ service jenkins start
ragavi@ragavi-VM:~$ systemctl status jenkins
â— jenkins.service - LSB: Start Jenkins at boot time
     Loaded: loaded (/etc/init.d/jenkins; generated)
     Active: active (exited) since Thu 2020-07-23 14:42:04 IST; 36min ago
       Docs: man:systemd-sysv-generator(8)
      Tasks: 0 (limit: 4657)
     Memory: 0B
     CGroup: /system.slice/jenkins.service

Jul 23 14:42:00 ragavi-VM systemd[1]: Starting LSB: Start Jenkins at boot time...
Jul 23 14:42:00 ragavi-VM jenkins[12126]: Correct java version found
Jul 23 14:42:00 ragavi-VM jenkins[12126]:  * Starting Jenkins Automation Server jenkins
Jul 23 14:42:01 ragavi-VM su[12176]: (to jenkins) root on none
Jul 23 14:42:01 ragavi-VM su[12176]: pam_unix(su-l:session): session opened for user jenkins by (uid=0)
Jul 23 14:42:04 ragavi-VM jenkins[12126]:    ...done.
Jul 23 14:42:04 ragavi-VM systemd[1]: Started LSB: Start Jenkins at boot time.
ragavi@ragavi-VM:~$ 

==========================================================================================================

3.START JENKINS IN THE WEB
==============================================================

> find system Ip first
ragavi@ragavi-VM:~$ ifconfig
enp0s3: flags=4163<UP,BROADCAST,RUNNING,MULTICAST>  mtu 1500
        inet 10.0.2.15  netmask 255.255.255.0  broadcast 10.0.2.255
        inet6 fe80::f0a0:f181:611b:b0d5  prefixlen 64  scopeid 0x20<link>
        ether 08:00:27:02:dc:b8  txqueuelen 1000  (Ethernet)
        RX packets 486806  bytes 625859857 (625.8 MB)
        RX errors 0  dropped 0  overruns 0  frame 0
        TX packets 67663  bytes 5723027 (5.7 MB)
        TX errors 0  dropped 0 overruns 0  carrier 0  collisions 0

> Enter the URL in web browser http://10.0.2.15:8080
> Working fine for me
=============================================================================

4.ADMIN PASSWORD TO INITIATE JENKINS
--------------------------------------------------------------------------------------

ragavi@ragavi-VM:~$ sudo cat /var/lib/jenkins/secrets/initialAdminPassword
[sudo] password for ragavi: 
2198cf8ce47f47a6ad7g0b5d05c509943
ragavi@ragavi-VM:~$ 
ragavi@ragavi-VM:~$ 
